../Core/Src/INA219/Adafruit_INA219.c:51:6:wireWriteRegister	40	static
../Core/Src/INA219/Adafruit_INA219.c:65:6:wireReadRegister	48	static
../Core/Src/INA219/Adafruit_INA219.c:83:6:setCalibration_32V_2A	16	static
../Core/Src/INA219/Adafruit_INA219.c:174:6:setCalibration_32V_1A	16	static
../Core/Src/INA219/Adafruit_INA219.c:264:6:setCalibration_16V_400mA	16	static
../Core/Src/INA219/Adafruit_INA219.c:356:9:getvoltage_raw	16	static
../Core/Src/INA219/Adafruit_INA219.c:370:9:getShuntVoltage_raw	16	static
../Core/Src/INA219/Adafruit_INA219.c:382:9:getCurrent_raw	16	static
../Core/Src/INA219/Adafruit_INA219.c:403:9:getPower_raw	16	static
../Core/Src/INA219/Adafruit_INA219.c:424:7:getShuntVoltage_mV	24	static
../Core/Src/INA219/Adafruit_INA219.c:436:7:getvoltage_V	24	static
../Core/Src/INA219/Adafruit_INA219.c:448:7:getCurrent_mA	16	static
../Core/Src/INA219/Adafruit_INA219.c:461:7:getPower_mW	16	static
../Core/Src/INA219/Adafruit_INA219.c:472:5:contMeasureInit	24	static
../Core/Src/INA219/Adafruit_INA219.c:489:5:contMeasureUpdate	24	static
../Core/Src/INA219/Adafruit_INA219.c:507:7:convertMeasure	24	static
../Core/Src/INA219/Adafruit_INA219.c:539:5:getNSamples	8	static
