../Drivers/CMSIS/Include/core_cm0plus.h:985:34:__NVIC_SystemReset	8	static,ignoring_inline_asm
../Core/Src/TEST_SENSOR/testWaterSensor.c:62:18:getBright	16	static
../Core/Src/TEST_SENSOR/testWaterSensor.c:114:6:updateLcd	32	static
../Core/Src/TEST_SENSOR/testWaterSensor.c:156:6:updateIna219	8	static
../Core/Src/TEST_SENSOR/testWaterSensor.c:166:6:callback_calibGetResult	24	static
../Core/Src/TEST_SENSOR/testWaterSensor.c:176:6:gotoFinished	24	static
../Core/Src/TEST_SENSOR/testWaterSensor.c:194:6:callback_btnConfigHandle	24	static
../Core/Src/TEST_SENSOR/testWaterSensor.c:241:6:testWaterSensorInit	16	static
../Core/Src/TEST_SENSOR/testWaterSensor.c:296:6:testWaterSensor_1msIrqHandle	16	static
../Core/Src/TEST_SENSOR/testWaterSensor.c:322:6:testWaterSensorTask	16	static
../Core/Src/TEST_SENSOR/testWaterSensor.c:607:6:testWaterSensorLoop	8	static
../Core/Src/TEST_SENSOR/testWaterSensor.c:617:6:CheckResultSystem	16	static
