../Drivers/CMSIS/Include/core_cm0plus.h:985:34:__NVIC_SystemReset	8	static,ignoring_inline_asm
../Core/Src/TEST_SENSOR/testWaterSensor.c:82:18:getBright	16	static
../Core/Src/TEST_SENSOR/testWaterSensor.c:134:6:updateLcd	32	static
../Core/Src/TEST_SENSOR/testWaterSensor.c:176:6:updateIna219	8	static
../Core/Src/TEST_SENSOR/testWaterSensor.c:186:6:updateKalmanADC	8	static
../Core/Src/TEST_SENSOR/testWaterSensor.c:196:6:callback_calibGetResult	24	static
../Core/Src/TEST_SENSOR/testWaterSensor.c:206:6:gotoFinished	24	static
../Core/Src/TEST_SENSOR/testWaterSensor.c:222:6:callback_btnConfigHandle	24	static
../Core/Src/TEST_SENSOR/testWaterSensor.c:265:6:testWaterSensorInit	16	static
../Core/Src/TEST_SENSOR/testWaterSensor.c:325:6:testWaterSensor_1msIrqHandle	16	static
../Core/Src/TEST_SENSOR/testWaterSensor.c:351:6:testWaterSensorTask	16	static
../Core/Src/TEST_SENSOR/testWaterSensor.c:628:6:testWaterSensorLoop	8	static
../Core/Src/TEST_SENSOR/testWaterSensor.c:639:6:CheckResultSystem	16	static
