../Core/Src/main.c:89:5:main	8	static
../Core/Src/main.c:147:6:SystemClock_Config	88	static
../Core/Src/main.c:194:13:MX_ADC1_Init	24	static
../Core/Src/main.c:279:13:MX_I2C2_Init	8	static
../Core/Src/main.c:327:13:MX_IWDG_Init	8	static
../Core/Src/main.c:356:13:MX_TIM3_Init	64	static
../Core/Src/main.c:431:13:MX_TIM6_Init	24	static
../Core/Src/main.c:469:13:MX_TIM7_Init	24	static
../Core/Src/main.c:507:13:MX_USART1_UART_Init	8	static
../Core/Src/main.c:555:13:MX_USART2_UART_Init	8	static
../Core/Src/main.c:603:13:MX_USART3_UART_Init	8	static
../Core/Src/main.c:639:13:MX_USART4_UART_Init	8	static
../Core/Src/main.c:673:13:MX_DMA_Init	16	static
../Core/Src/main.c:691:13:MX_GPIO_Init	56	static
../Core/Src/main.c:839:6:Error_Handler	8	static,ignoring_inline_asm
