../Core/Src/main.c:90:5:main	8	static
../Core/Src/main.c:162:6:SystemClock_Config	88	static
../Core/Src/main.c:209:13:MX_ADC1_Init	24	static
../Core/Src/main.c:294:13:MX_I2C2_Init	8	static
../Core/Src/main.c:342:13:MX_IWDG_Init	8	static
../Core/Src/main.c:371:13:MX_TIM3_Init	64	static
../Core/Src/main.c:436:13:MX_TIM6_Init	24	static
../Core/Src/main.c:474:13:MX_TIM7_Init	24	static
../Core/Src/main.c:512:13:MX_USART1_UART_Init	8	static
../Core/Src/main.c:560:13:MX_USART2_UART_Init	8	static
../Core/Src/main.c:608:13:MX_USART3_UART_Init	8	static
../Core/Src/main.c:644:13:MX_USART4_UART_Init	8	static
../Core/Src/main.c:678:13:MX_DMA_Init	16	static
../Core/Src/main.c:696:13:MX_GPIO_Init	56	static
../Core/Src/main.c:847:6:Error_Handler	8	static,ignoring_inline_asm
