../Core/Src/stm32g0xx_it.c:76:6:NMI_Handler	8	static
../Core/Src/stm32g0xx_it.c:92:6:HardFault_Handler	8	static
../Core/Src/stm32g0xx_it.c:107:6:SVC_Handler	8	static
../Core/Src/stm32g0xx_it.c:120:6:PendSV_Handler	8	static
../Core/Src/stm32g0xx_it.c:133:6:SysTick_Handler	8	static
../Core/Src/stm32g0xx_it.c:154:6:DMA1_Channel1_IRQHandler	8	static
../Core/Src/stm32g0xx_it.c:168:6:ADC1_IRQHandler	8	static
../Core/Src/stm32g0xx_it.c:182:6:TIM6_IRQHandler	8	static
../Core/Src/stm32g0xx_it.c:196:6:TIM7_IRQHandler	8	static
../Core/Src/stm32g0xx_it.c:210:6:USART1_IRQHandler	8	static
../Core/Src/stm32g0xx_it.c:224:6:USART2_IRQHandler	8	static
../Core/Src/stm32g0xx_it.c:238:6:USART3_4_IRQHandler	8	static
